// Jest Snapshot v1, https://goo.gl/fbAQLP

exports[`<UserMenu /> function should return SetIsCartOpen when the cart button is clicked 1`] = `
<div
  class="sc-VHjGu dNpwMk"
>
  <button
    data-testid="clerk-sign-in-button"
  >
    <img
      alt="user avata"
      src="test-file-stub"
    />
  </button>
  <button />
  <button
    aria-label="cart"
    class="sc-dQkurY jQqHmu"
  >
    <svg
      class="sc-glJfXD kfDKCa"
      data-testid="cart-icon"
      fill="currentColor"
      height="1em"
      stroke="currentColor"
      stroke-width="0"
      viewBox="0 0 24 24"
      width="1em"
      xmlns="http://www.w3.org/2000/svg"
    >
      <path
        d="M0 0h24v24H0V0z"
        fill="none"
      />
      <path
        d="M15.55 13c.75 0 1.41-.41 1.75-1.03l3.58-6.49A.996.996 0 0 0 20.01 4H5.21l-.94-2H1v2h2l3.6 7.59-1.35 2.44C4.52 15.37 5.48 17 7 17h12v-2H7l1.1-2h7.45zM6.16 6h12.15l-2.76 5H8.53L6.16 6zM7 18c-1.1 0-1.99.9-1.99 2S5.9 22 7 22s2-.9 2-2-.9-2-2-2zm10 0c-1.1 0-1.99.9-1.99 2s.89 2 1.99 2 2-.9 2-2-.9-2-2-2z"
      />
    </svg>
  </button>
</div>
`;

exports[`<UserMenu /> should render the UserMenuContainer 1`] = `
<div
  class="sc-VHjGu dNpwMk"
>
  <button
    data-testid="clerk-sign-in-button"
  >
    <img
      alt="user avata"
      src="test-file-stub"
    />
  </button>
  <button />
  <button
    aria-label="cart"
    class="sc-dQkurY jQqHmu"
  >
    <svg
      class="sc-glJfXD kfDKCa"
      data-testid="cart-icon"
      fill="currentColor"
      height="1em"
      stroke="currentColor"
      stroke-width="0"
      viewBox="0 0 24 24"
      width="1em"
      xmlns="http://www.w3.org/2000/svg"
    >
      <path
        d="M0 0h24v24H0V0z"
        fill="none"
      />
      <path
        d="M15.55 13c.75 0 1.41-.41 1.75-1.03l3.58-6.49A.996.996 0 0 0 20.01 4H5.21l-.94-2H1v2h2l3.6 7.59-1.35 2.44C4.52 15.37 5.48 17 7 17h12v-2H7l1.1-2h7.45zM6.16 6h12.15l-2.76 5H8.53L6.16 6zM7 18c-1.1 0-1.99.9-1.99 2S5.9 22 7 22s2-.9 2-2-.9-2-2-2zm10 0c-1.1 0-1.99.9-1.99 2s.89 2 1.99 2 2-.9 2-2-.9-2-2-2z"
      />
    </svg>
  </button>
</div>
`;
